2026-03-18 16:41:04,538 | INFO | Run folder: /home/mario/Documents/collision-avoidance-VOP/camera/recordings/20260318_164104
2026-03-18 16:41:04,538 | INFO | Backend: pi
2026-03-18 16:41:04,538 | INFO | Model: camera/yolo_models/duck.pt
2026-03-18 16:41:04,538 | INFO | Resolution/FPS: 1920x1080 @ 5
2026-03-18 16:41:04,538 | INFO | Log interval: 0.2 sec
2026-03-18 16:41:04,622 | INFO | Single-camera depth enabled with intrinsics from camera/calibration_yamls/camera_calibration.yaml | fx=2018.314 fy=2009.564 cx=955.903 cy=484.226
2026-03-18 16:41:04,672 | INFO | Initialization successful.
2026-03-18 16:41:04,673 | INFO | Camera now open.
2026-03-18 16:41:04,676 | INFO | Camera configuration has been adjusted!
2026-03-18 16:41:04,678 | INFO | Configuration successful!
2026-03-18 16:41:04,695 | INFO | Initialization successful.
2026-03-18 16:41:04,695 | INFO | Camera now open.
2026-03-18 16:41:04,699 | INFO | Camera configuration has been adjusted!
2026-03-18 16:41:04,700 | INFO | Configuration successful!
2026-03-18 16:41:04,724 | INFO | Camera started
2026-03-18 16:41:05,229 | INFO | Camera started
2026-03-18 16:41:16,193 | INFO | Camera stopped
2026-03-18 16:41:17,218 | INFO | Camera closed successfully.
2026-03-18 16:41:17,232 | INFO | Camera stopped
2026-03-18 16:41:18,778 | INFO | Camera closed successfully.
2026-03-18 16:41:18,779 | INFO | Finished run.
