2026-04-22 16:34:31,549 | INFO | Run folder: /home/mario/Documents/collision-avoidance-VOP/camera/recordings/20260422_163431
2026-04-22 16:34:31,549 | INFO | Backend: pi
2026-04-22 16:34:31,549 | INFO | Model: yolo_models/duck.pt
2026-04-22 16:34:31,549 | INFO | Resolution/FPS: 1920x1080 @ 5
2026-04-22 16:34:31,549 | INFO | Log interval: 0.2 sec
2026-04-22 16:34:31,845 | INFO | Single-camera depth enabled with intrinsics from calibration_yamls/camera_calibration.yaml | fx=2018.314 fy=2009.564 cx=955.903 cy=484.226
2026-04-22 16:34:31,846 | INFO | [TCP] listening on 0.0.0.0:9000
2026-04-22 16:34:31,989 | INFO | Initialization successful.
2026-04-22 16:34:31,989 | INFO | Camera now open.
2026-04-22 16:34:31,991 | INFO | Camera configuration has been adjusted!
2026-04-22 16:34:31,991 | INFO | Configuration successful!
2026-04-22 16:34:32,012 | INFO | Initialization successful.
2026-04-22 16:34:32,012 | INFO | Camera now open.
2026-04-22 16:34:32,014 | INFO | Camera configuration has been adjusted!
2026-04-22 16:34:32,014 | INFO | Configuration successful!
2026-04-22 16:34:32,032 | INFO | Camera started
2026-04-22 16:34:32,534 | INFO | Camera started
2026-04-22 16:34:32,691 | INFO | Opened writer /home/mario/Documents/collision-avoidance-VOP/camera/recordings/20260422_163431/camera0_recording/recording_annotated.mp4 with codec mp4v (1920x1080 @ 5fps)
2026-04-22 16:34:32,692 | INFO | Opened writer /home/mario/Documents/collision-avoidance-VOP/camera/recordings/20260422_163431/camera1_recording/recording_annotated.mp4 with codec mp4v (1920x1080 @ 5fps)
2026-04-22 16:35:32,730 | INFO | Camera stopped
2026-04-22 16:35:33,956 | INFO | Camera closed successfully.
2026-04-22 16:35:33,963 | INFO | Camera stopped
2026-04-22 16:35:35,423 | INFO | Camera closed successfully.
2026-04-22 16:35:35,436 | INFO | Finished run.
