2026-04-27 10:39:31,698 | INFO | Run folder: /home/mario/Documents/collision-avoidance-VOP/camera/recordings/20260427_103931
2026-04-27 10:39:31,698 | INFO | Backend: pi
2026-04-27 10:39:31,698 | INFO | Model: camera/yolo_models/duck.pt
2026-04-27 10:39:31,698 | INFO | Resolution/FPS: 1920x1080 @ 5
2026-04-27 10:39:31,698 | INFO | Log interval: 0.2 sec
2026-04-27 10:39:32,045 | INFO | Single-camera depth enabled with intrinsics from camera/calibration_yamls/camera_calibration.yaml | fx=2018.314 fy=2009.564 cx=955.903 cy=484.226
2026-04-27 10:39:32,095 | INFO | Initialization successful.
2026-04-27 10:39:32,095 | INFO | Camera now open.
2026-04-27 10:39:32,098 | INFO | Camera configuration has been adjusted!
2026-04-27 10:39:32,100 | INFO | Configuration successful!
2026-04-27 10:39:32,117 | INFO | Initialization successful.
2026-04-27 10:39:32,117 | INFO | Camera now open.
2026-04-27 10:39:32,120 | INFO | Camera configuration has been adjusted!
2026-04-27 10:39:32,121 | INFO | Configuration successful!
2026-04-27 10:39:32,149 | INFO | Camera started
2026-04-27 10:39:32,665 | INFO | Camera started
2026-04-27 10:39:32,886 | INFO | Opened writer /home/mario/Documents/collision-avoidance-VOP/camera/recordings/20260427_103931/camera0_recording/recording_annotated.mp4 with codec mp4v (1920x1080 @ 5fps)
2026-04-27 10:39:32,888 | INFO | Opened writer /home/mario/Documents/collision-avoidance-VOP/camera/recordings/20260427_103931/camera1_recording/recording_annotated.mp4 with codec mp4v (1920x1080 @ 5fps)
2026-04-27 10:39:36,905 | INFO | Camera stopped
2026-04-27 10:39:38,419 | INFO | Camera closed successfully.
2026-04-27 10:39:38,426 | INFO | Camera stopped
2026-04-27 10:39:39,980 | INFO | Camera closed successfully.
