2026-04-27 10:51:02,157 | INFO | Run folder: /home/mario/Documents/collision-avoidance-VOP/camera/recordings/20260427_105102
2026-04-27 10:51:02,157 | INFO | Backend: pi
2026-04-27 10:51:02,157 | INFO | Model: camera/yolo_models/duck.pt
2026-04-27 10:51:02,157 | INFO | Resolution/FPS: 1920x1080 @ 5
2026-04-27 10:51:02,157 | INFO | Log interval: 0.2 sec
2026-04-27 10:51:02,250 | INFO | Single-camera depth enabled with intrinsics from camera/calibration_yamls/camera_calibration.yaml | fx=2018.314 fy=2009.564 cx=955.903 cy=484.226
2026-04-27 10:51:02,250 | INFO | [TCP] listening on 0.0.0.0:9000
2026-04-27 10:51:02,302 | INFO | Initialization successful.
2026-04-27 10:51:02,303 | INFO | Camera now open.
2026-04-27 10:51:02,305 | INFO | Camera configuration has been adjusted!
2026-04-27 10:51:02,306 | INFO | Configuration successful!
2026-04-27 10:51:02,324 | INFO | Initialization successful.
2026-04-27 10:51:02,324 | INFO | Camera now open.
2026-04-27 10:51:02,327 | INFO | Camera configuration has been adjusted!
2026-04-27 10:51:02,328 | INFO | Configuration successful!
2026-04-27 10:51:02,360 | INFO | Camera started
2026-04-27 10:51:02,873 | INFO | Camera started
2026-04-27 10:51:02,931 | INFO | Opened writer /home/mario/Documents/collision-avoidance-VOP/camera/recordings/20260427_105102/camera0_recording/recording_annotated.mp4 with codec mp4v (1920x1080 @ 5fps)
2026-04-27 10:51:02,940 | INFO | Opened writer /home/mario/Documents/collision-avoidance-VOP/camera/recordings/20260427_105102/camera1_recording/recording_annotated.mp4 with codec mp4v (1920x1080 @ 5fps)
2026-04-27 10:51:38,373 | INFO | Signal 2 received, stopping...
2026-04-27 10:51:39,706 | INFO | Camera stopped
2026-04-27 10:51:40,712 | INFO | Camera closed successfully.
2026-04-27 10:51:40,719 | INFO | Camera stopped
2026-04-27 10:51:41,923 | INFO | Camera closed successfully.
2026-04-27 10:51:41,924 | INFO | Finished run.
