2026-04-27 11:53:13 | INFO | Run folder: /home/mario/Documents/collision-avoidance-VOP/camera/recordings/20260427_115313
2026-04-27 11:53:13 | INFO | Camera output dir: /home/mario/Documents/collision-avoidance-VOP/camera/recordings/20260427_115313/camera0_recording
2026-04-27 11:53:13 | INFO | Hailo apps root: /home/mario/Documents/hailo-apps
2026-04-27 11:53:13 | INFO | Calibration YAML: /home/mario/Documents/collision-avoidance-VOP/camera/calibration_yamls/camera_calibration.yaml
2026-04-27 11:53:13 | INFO | Network: /home/mario/Documents/collision-avoidance-VOP/camera/yolo_models/duck.hef
2026-04-27 11:53:13 | INFO | Input: rpi
2026-04-27 11:53:13 | INFO | Target label: duck
2026-04-27 11:53:13 | INFO | Source label override: person -> duck
2026-04-27 11:53:13 | INFO | Object height (m): 0.13
2026-04-27 11:53:13 | INFO | TCP enabled: True
2026-04-27 11:53:13 | INFO | TCP bind: 0.0.0.0:9000
2026-04-27 11:53:13,962 | INFO | [TCP] listening on 0.0.0.0:9000
2026-04-27 11:53:13,962 | INFO | Running headless Picamera2/Hailo on camera index 0
2026-04-27 11:53:14,121 | INFO | Initialization successful.
2026-04-27 11:53:14,121 | INFO | Camera now open.
2026-04-27 11:53:14,124 | INFO | Camera configuration has been adjusted!
2026-04-27 11:53:14,124 | INFO | Configuration successful!
2026-04-27 11:53:14,156 | INFO | Camera started
2026-04-27 11:53:15,911 | INFO | FPS: 15.39
2026-04-27 11:53:16,912 | INFO | FPS: 20.35
2026-04-27 11:53:17,911 | INFO | FPS: 22.79
2026-04-27 11:53:18,911 | INFO | FPS: 24.25
2026-04-27 11:53:19,910 | INFO | FPS: 25.22
2026-04-27 11:53:20,910 | INFO | FPS: 25.91
2026-04-27 11:53:21,910 | INFO | FPS: 26.42
2026-04-27 11:53:22,908 | INFO | FPS: 26.83
2026-04-27 11:53:23,926 | INFO | FPS: 27.10
2026-04-27 11:53:24,908 | INFO | FPS: 27.41
2026-04-27 11:53:25,909 | INFO | FPS: 27.62
2026-04-27 11:53:26,908 | INFO | FPS: 27.81
2026-04-27 11:53:27,907 | INFO | FPS: 27.97
2026-04-27 11:53:28,909 | INFO | FPS: 28.10
2026-04-27 11:53:29,139 | INFO | Camera stopped
2026-04-27 11:53:29,342 | INFO | Camera closed successfully.
2026-04-27 11:53:29,378 | INFO | Interrupted by user.
