2026-04-22 15:21:57,478 | INFO | Run folder: /home/mario/Documents/collision-avoidance-VOP/camera/recordings/20260422_152157
2026-04-22 15:21:57,478 | INFO | Backend: pi
2026-04-22 15:21:57,478 | INFO | Model: yolo_models/duck.pt
2026-04-22 15:21:57,478 | INFO | Resolution/FPS: 1920x1080 @ 5
2026-04-22 15:21:57,478 | INFO | Log interval: 0.2 sec
2026-04-22 15:21:57,549 | INFO | Single-camera depth enabled with intrinsics from calibration_yamls/camera_calibration.yaml | fx=2018.314 fy=2009.564 cx=955.903 cy=484.226
2026-04-22 15:21:57,549 | INFO | [TCP] listening on 0.0.0.0:9000
2026-04-22 15:21:57,587 | INFO | Initialization successful.
2026-04-22 15:21:57,587 | INFO | Camera now open.
2026-04-22 15:21:57,589 | INFO | Camera configuration has been adjusted!
2026-04-22 15:21:57,590 | INFO | Configuration successful!
2026-04-22 15:21:57,600 | INFO | Initialization successful.
2026-04-22 15:21:57,600 | INFO | Camera now open.
2026-04-22 15:21:57,602 | INFO | Camera configuration has been adjusted!
2026-04-22 15:21:57,602 | INFO | Configuration successful!
2026-04-22 15:21:57,620 | INFO | Camera started
2026-04-22 15:21:58,117 | INFO | Camera started
2026-04-22 15:21:58,146 | INFO | Opened writer /home/mario/Documents/collision-avoidance-VOP/camera/recordings/20260422_152157/camera0_recording/recording_annotated.mp4 with codec mp4v (1920x1080 @ 5fps)
2026-04-22 15:21:58,148 | INFO | Opened writer /home/mario/Documents/collision-avoidance-VOP/camera/recordings/20260422_152157/camera1_recording/recording_annotated.mp4 with codec mp4v (1920x1080 @ 5fps)
2026-04-22 15:22:59,054 | INFO | Camera stopped
2026-04-22 15:23:00,304 | INFO | Camera closed successfully.
2026-04-22 15:23:00,311 | INFO | Camera stopped
2026-04-22 15:23:01,798 | INFO | Camera closed successfully.
2026-04-22 15:23:01,799 | INFO | Finished run.
