2026-04-27 10:40:30,266 | INFO | Run folder: /home/mario/Documents/collision-avoidance-VOP/camera/recordings/20260427_104030
2026-04-27 10:40:30,267 | INFO | Backend: pi
2026-04-27 10:40:30,267 | INFO | Model: camera/yolo_models/duck.pt
2026-04-27 10:40:30,267 | INFO | Resolution/FPS: 1920x1080 @ 5
2026-04-27 10:40:30,267 | INFO | Log interval: 0.2 sec
2026-04-27 10:40:30,363 | INFO | Single-camera depth enabled with intrinsics from camera/calibration_yamls/camera_calibration.yaml | fx=2018.314 fy=2009.564 cx=955.903 cy=484.226
2026-04-27 10:40:30,410 | INFO | Initialization successful.
2026-04-27 10:40:30,410 | INFO | Camera now open.
2026-04-27 10:40:30,413 | INFO | Camera configuration has been adjusted!
2026-04-27 10:40:30,417 | INFO | Configuration successful!
2026-04-27 10:40:30,439 | INFO | Initialization successful.
2026-04-27 10:40:30,440 | INFO | Camera now open.
2026-04-27 10:40:30,442 | INFO | Camera configuration has been adjusted!
2026-04-27 10:40:30,444 | INFO | Configuration successful!
2026-04-27 10:40:30,472 | INFO | Camera started
2026-04-27 10:40:31,004 | INFO | Camera started
2026-04-27 10:40:31,049 | INFO | Opened writer /home/mario/Documents/collision-avoidance-VOP/camera/recordings/20260427_104030/camera0_recording/recording_annotated.mp4 with codec mp4v (1920x1080 @ 5fps)
2026-04-27 10:40:31,053 | INFO | Opened writer /home/mario/Documents/collision-avoidance-VOP/camera/recordings/20260427_104030/camera1_recording/recording_annotated.mp4 with codec mp4v (1920x1080 @ 5fps)
2026-04-27 10:40:34,539 | INFO | Camera stopped
2026-04-27 10:40:35,812 | INFO | Camera closed successfully.
2026-04-27 10:40:35,821 | INFO | Camera stopped
2026-04-27 10:40:37,308 | INFO | Camera closed successfully.
