2026-04-22 16:36:03,931 | INFO | Run folder: /home/mario/Documents/collision-avoidance-VOP/camera/recordings/20260422_163603
2026-04-22 16:36:03,931 | INFO | Backend: pi
2026-04-22 16:36:03,931 | INFO | Model: yolo_models/duck.pt
2026-04-22 16:36:03,931 | INFO | Resolution/FPS: 1920x1080 @ 5
2026-04-22 16:36:03,931 | INFO | Log interval: 0.2 sec
2026-04-22 16:36:04,003 | INFO | Single-camera depth enabled with intrinsics from calibration_yamls/camera_calibration.yaml | fx=2018.314 fy=2009.564 cx=955.903 cy=484.226
2026-04-22 16:36:04,003 | INFO | [TCP] listening on 0.0.0.0:9000
2026-04-22 16:36:04,042 | INFO | Initialization successful.
2026-04-22 16:36:04,042 | INFO | Camera now open.
2026-04-22 16:36:04,044 | INFO | Camera configuration has been adjusted!
2026-04-22 16:36:04,045 | INFO | Configuration successful!
2026-04-22 16:36:04,055 | INFO | Initialization successful.
2026-04-22 16:36:04,055 | INFO | Camera now open.
2026-04-22 16:36:04,057 | INFO | Camera configuration has been adjusted!
2026-04-22 16:36:04,058 | INFO | Configuration successful!
2026-04-22 16:36:04,075 | INFO | Camera started
2026-04-22 16:36:04,598 | INFO | Camera started
2026-04-22 16:36:04,627 | INFO | Opened writer /home/mario/Documents/collision-avoidance-VOP/camera/recordings/20260422_163603/camera0_recording/recording_annotated.mp4 with codec mp4v (1920x1080 @ 5fps)
2026-04-22 16:36:04,628 | INFO | Opened writer /home/mario/Documents/collision-avoidance-VOP/camera/recordings/20260422_163603/camera1_recording/recording_annotated.mp4 with codec mp4v (1920x1080 @ 5fps)
2026-04-22 16:37:05,179 | INFO | Camera stopped
2026-04-22 16:37:06,385 | INFO | Camera closed successfully.
2026-04-22 16:37:06,392 | INFO | Camera stopped
2026-04-22 16:37:07,883 | INFO | Camera closed successfully.
2026-04-22 16:37:07,884 | INFO | Finished run.
