2026-04-22 16:19:21,125 | INFO | Run folder: /home/mario/Documents/collision-avoidance-VOP/camera/recordings/20260422_161921
2026-04-22 16:19:21,125 | INFO | Backend: pi
2026-04-22 16:19:21,125 | INFO | Model: yolo_models/duck.pt
2026-04-22 16:19:21,125 | INFO | Resolution/FPS: 1920x1080 @ 5
2026-04-22 16:19:21,126 | INFO | Log interval: 0.2 sec
2026-04-22 16:19:21,203 | INFO | Single-camera depth enabled with intrinsics from calibration_yamls/camera_calibration.yaml | fx=2018.314 fy=2009.564 cx=955.903 cy=484.226
2026-04-22 16:19:21,204 | INFO | [TCP] listening on 0.0.0.0:9000
2026-04-22 16:19:21,242 | INFO | Initialization successful.
2026-04-22 16:19:21,242 | INFO | Camera now open.
2026-04-22 16:19:21,244 | INFO | Camera configuration has been adjusted!
2026-04-22 16:19:21,245 | INFO | Configuration successful!
2026-04-22 16:19:21,255 | INFO | Initialization successful.
2026-04-22 16:19:21,255 | INFO | Camera now open.
2026-04-22 16:19:21,257 | INFO | Camera configuration has been adjusted!
2026-04-22 16:19:21,257 | INFO | Configuration successful!
2026-04-22 16:19:21,275 | INFO | Camera started
2026-04-22 16:19:21,792 | INFO | Camera started
2026-04-22 16:19:21,821 | INFO | Opened writer /home/mario/Documents/collision-avoidance-VOP/camera/recordings/20260422_161921/camera0_recording/recording_annotated.mp4 with codec mp4v (1920x1080 @ 5fps)
2026-04-22 16:19:21,831 | INFO | Opened writer /home/mario/Documents/collision-avoidance-VOP/camera/recordings/20260422_161921/camera1_recording/recording_annotated.mp4 with codec mp4v (1920x1080 @ 5fps)
2026-04-22 16:20:22,345 | INFO | Camera stopped
2026-04-22 16:20:23,576 | INFO | Camera closed successfully.
2026-04-22 16:20:23,582 | INFO | Camera stopped
2026-04-22 16:20:25,079 | INFO | Camera closed successfully.
2026-04-22 16:20:25,080 | INFO | Finished run.
