2026-04-22 16:15:47,652 | INFO | Run folder: /home/mario/Documents/collision-avoidance-VOP/camera/recordings/20260422_161547
2026-04-22 16:15:47,652 | INFO | Backend: pi
2026-04-22 16:15:47,652 | INFO | Model: yolo_models/duck.pt
2026-04-22 16:15:47,652 | INFO | Resolution/FPS: 1920x1080 @ 5
2026-04-22 16:15:47,652 | INFO | Log interval: 0.2 sec
2026-04-22 16:15:47,952 | INFO | Single-camera depth enabled with intrinsics from calibration_yamls/camera_calibration.yaml | fx=2018.314 fy=2009.564 cx=955.903 cy=484.226
2026-04-22 16:15:47,952 | INFO | [TCP] listening on 0.0.0.0:9000
2026-04-22 16:15:48,091 | INFO | Initialization successful.
2026-04-22 16:15:48,092 | INFO | Camera now open.
2026-04-22 16:15:48,094 | INFO | Camera configuration has been adjusted!
2026-04-22 16:15:48,094 | INFO | Configuration successful!
2026-04-22 16:15:48,112 | INFO | Initialization successful.
2026-04-22 16:15:48,112 | INFO | Camera now open.
2026-04-22 16:15:48,114 | INFO | Camera configuration has been adjusted!
2026-04-22 16:15:48,115 | INFO | Configuration successful!
2026-04-22 16:15:48,132 | INFO | Camera started
2026-04-22 16:15:48,639 | INFO | Camera started
2026-04-22 16:15:48,805 | INFO | Opened writer /home/mario/Documents/collision-avoidance-VOP/camera/recordings/20260422_161547/camera0_recording/recording_annotated.mp4 with codec mp4v (1920x1080 @ 5fps)
2026-04-22 16:15:48,806 | INFO | Opened writer /home/mario/Documents/collision-avoidance-VOP/camera/recordings/20260422_161547/camera1_recording/recording_annotated.mp4 with codec mp4v (1920x1080 @ 5fps)
2026-04-22 16:16:49,276 | INFO | Camera stopped
2026-04-22 16:16:50,481 | INFO | Camera closed successfully.
2026-04-22 16:16:50,488 | INFO | Camera stopped
2026-04-22 16:16:52,033 | INFO | Camera closed successfully.
2026-04-22 16:16:52,045 | INFO | Finished run.
