2026-04-27 10:46:55,982 | INFO | Run folder: /home/mario/Documents/collision-avoidance-VOP/camera/recordings/20260427_104655
2026-04-27 10:46:55,983 | INFO | Backend: pi
2026-04-27 10:46:55,983 | INFO | Model: camera/yolo_models/duck.pt
2026-04-27 10:46:55,983 | INFO | Resolution/FPS: 1920x1080 @ 5
2026-04-27 10:46:55,983 | INFO | Log interval: 0.2 sec
2026-04-27 10:46:56,066 | INFO | Single-camera depth enabled with intrinsics from camera/calibration_yamls/camera_calibration.yaml | fx=2018.314 fy=2009.564 cx=955.903 cy=484.226
2026-04-27 10:46:56,066 | INFO | [TCP] listening on 0.0.0.0:9000
2026-04-27 10:46:56,118 | INFO | Initialization successful.
2026-04-27 10:46:56,119 | INFO | Camera now open.
2026-04-27 10:46:56,121 | INFO | Camera configuration has been adjusted!
2026-04-27 10:46:56,123 | INFO | Configuration successful!
2026-04-27 10:46:56,142 | INFO | Initialization successful.
2026-04-27 10:46:56,142 | INFO | Camera now open.
2026-04-27 10:46:56,145 | INFO | Camera configuration has been adjusted!
2026-04-27 10:46:56,146 | INFO | Configuration successful!
2026-04-27 10:46:56,175 | INFO | Camera started
2026-04-27 10:46:56,700 | INFO | Camera started
2026-04-27 10:46:56,736 | INFO | Opened writer /home/mario/Documents/collision-avoidance-VOP/camera/recordings/20260427_104655/camera0_recording/recording_annotated.mp4 with codec mp4v (1920x1080 @ 5fps)
2026-04-27 10:46:56,739 | INFO | Opened writer /home/mario/Documents/collision-avoidance-VOP/camera/recordings/20260427_104655/camera1_recording/recording_annotated.mp4 with codec mp4v (1920x1080 @ 5fps)
2026-04-27 10:47:13,544 | INFO | Signal 2 received, stopping...
2026-04-27 10:47:15,280 | INFO | Camera stopped
2026-04-27 10:47:16,285 | INFO | Camera closed successfully.
2026-04-27 10:47:16,293 | INFO | Camera stopped
2026-04-27 10:47:17,497 | INFO | Camera closed successfully.
2026-04-27 10:47:17,498 | INFO | Finished run.
