2026-04-27 12:14:46 | INFO | Run folder: /home/mario/Documents/collision-avoidance-VOP/camera/recordings/20260427_121446
2026-04-27 12:14:46 | INFO | Camera output dir: /home/mario/Documents/collision-avoidance-VOP/camera/recordings/20260427_121446/camera0_recording
2026-04-27 12:14:46 | INFO | Hailo apps root: /home/mario/Documents/hailo-apps
2026-04-27 12:14:46 | INFO | Calibration YAML: /home/mario/Documents/collision-avoidance-VOP/camera/calibration_yamls/camera_calibration.yaml
2026-04-27 12:14:46 | INFO | Network: /home/mario/Documents/collision-avoidance-VOP/camera/yolo_models/duck.hef
2026-04-27 12:14:46 | INFO | Input: rpi
2026-04-27 12:14:46 | INFO | Target label: duck
2026-04-27 12:14:46 | INFO | Source label override: person -> duck
2026-04-27 12:14:46 | INFO | Object height (m): 0.12
2026-04-27 12:14:46 | INFO | TCP enabled: True
2026-04-27 12:14:46 | INFO | TCP bind: 0.0.0.0:9000
2026-04-27 12:14:47,817 | INFO | [TCP] listening on 0.0.0.0:9000
2026-04-27 12:14:47,817 | INFO | Running headless Picamera2/Hailo on camera index 0
2026-04-27 12:14:48,566 | INFO | Initialization successful.
2026-04-27 12:14:48,566 | INFO | Camera now open.
2026-04-27 12:14:48,568 | INFO | Camera configuration has been adjusted!
2026-04-27 12:14:48,568 | INFO | Configuration successful!
2026-04-27 12:14:48,610 | INFO | Camera started
2026-04-27 12:14:49,518 | INFO | Saving video to /home/mario/Documents/collision-avoidance-VOP/camera/recordings/20260427_121446/camera0_recording/headless_hailo_output.mp4
2026-04-27 12:14:51,757 | INFO | FPS: 7.61
2026-04-27 12:14:54,118 | INFO | FPS: 9.52
2026-04-27 12:14:56,309 | INFO | FPS: 10.60
2026-04-27 12:14:58,376 | INFO | FPS: 11.36
2026-04-27 12:15:00,507 | INFO | FPS: 11.82
2026-04-27 12:15:02,616 | INFO | FPS: 12.16
2026-04-27 12:15:04,913 | INFO | FPS: 12.28
2026-04-27 12:15:07,052 | INFO | FPS: 12.48
2026-04-27 12:15:09,146 | INFO | FPS: 12.66
2026-04-27 12:15:11,282 | INFO | FPS: 12.79
2026-04-27 12:15:13,335 | INFO | FPS: 12.93
2026-04-27 12:15:15,442 | INFO | FPS: 13.03
2026-04-27 12:15:17,647 | INFO | FPS: 13.07
2026-04-27 12:15:19,916 | INFO | FPS: 13.08
2026-04-27 12:15:22,284 | INFO | FPS: 13.06
2026-04-27 12:15:24,438 | INFO | FPS: 13.11
2026-04-27 12:15:26,605 | INFO | FPS: 13.15
2026-04-27 12:15:28,837 | INFO | FPS: 13.16
2026-04-27 12:15:30,970 | INFO | FPS: 13.21
2026-04-27 12:15:33,071 | INFO | FPS: 13.26
2026-04-27 12:15:35,133 | INFO | FPS: 13.31
2026-04-27 12:15:37,195 | INFO | FPS: 13.37
2026-04-27 12:15:39,542 | INFO | FPS: 13.34
2026-04-27 12:15:40,484 | INFO | Camera stopped
2026-04-27 12:15:40,686 | INFO | Camera closed successfully.
2026-04-27 12:15:40,741 | INFO | Interrupted by user.
