2026-04-22 16:25:02,781 | INFO | Run folder: /home/mario/Documents/collision-avoidance-VOP/camera/recordings/20260422_162502
2026-04-22 16:25:02,781 | INFO | Backend: pi
2026-04-22 16:25:02,781 | INFO | Model: yolo_models/duck.pt
2026-04-22 16:25:02,781 | INFO | Resolution/FPS: 1920x1080 @ 5
2026-04-22 16:25:02,781 | INFO | Log interval: 0.2 sec
2026-04-22 16:25:02,858 | INFO | Single-camera depth enabled with intrinsics from calibration_yamls/camera_calibration.yaml | fx=2018.314 fy=2009.564 cx=955.903 cy=484.226
2026-04-22 16:25:02,858 | INFO | [TCP] listening on 0.0.0.0:9000
2026-04-22 16:25:02,897 | INFO | Initialization successful.
2026-04-22 16:25:02,897 | INFO | Camera now open.
2026-04-22 16:25:02,899 | INFO | Camera configuration has been adjusted!
2026-04-22 16:25:02,900 | INFO | Configuration successful!
2026-04-22 16:25:02,910 | INFO | Initialization successful.
2026-04-22 16:25:02,910 | INFO | Camera now open.
2026-04-22 16:25:02,912 | INFO | Camera configuration has been adjusted!
2026-04-22 16:25:02,912 | INFO | Configuration successful!
2026-04-22 16:25:02,930 | INFO | Camera started
2026-04-22 16:25:03,456 | INFO | Camera started
2026-04-22 16:25:03,486 | INFO | Opened writer /home/mario/Documents/collision-avoidance-VOP/camera/recordings/20260422_162502/camera0_recording/recording_annotated.mp4 with codec mp4v (1920x1080 @ 5fps)
2026-04-22 16:25:03,488 | INFO | Opened writer /home/mario/Documents/collision-avoidance-VOP/camera/recordings/20260422_162502/camera1_recording/recording_annotated.mp4 with codec mp4v (1920x1080 @ 5fps)
2026-04-22 16:26:04,951 | INFO | Camera stopped
2026-04-22 16:26:06,245 | INFO | Camera closed successfully.
2026-04-22 16:26:06,252 | INFO | Camera stopped
2026-04-22 16:26:07,738 | INFO | Camera closed successfully.
2026-04-22 16:26:07,738 | INFO | Finished run.
