2026-04-27 10:41:16,054 | INFO | Run folder: /home/mario/Documents/collision-avoidance-VOP/camera/recordings/20260427_104116
2026-04-27 10:41:16,054 | INFO | Backend: pi
2026-04-27 10:41:16,054 | INFO | Model: camera/yolo_models/duck.pt
2026-04-27 10:41:16,054 | INFO | Resolution/FPS: 1920x1080 @ 5
2026-04-27 10:41:16,054 | INFO | Log interval: 0.2 sec
2026-04-27 10:41:16,139 | INFO | Single-camera depth enabled with intrinsics from camera/calibration_yamls/camera_calibration.yaml | fx=2018.314 fy=2009.564 cx=955.903 cy=484.226
2026-04-27 10:41:16,187 | INFO | Initialization successful.
2026-04-27 10:41:16,188 | INFO | Camera now open.
2026-04-27 10:41:16,191 | INFO | Camera configuration has been adjusted!
2026-04-27 10:41:16,192 | INFO | Configuration successful!
2026-04-27 10:41:16,210 | INFO | Initialization successful.
2026-04-27 10:41:16,211 | INFO | Camera now open.
2026-04-27 10:41:16,214 | INFO | Camera configuration has been adjusted!
2026-04-27 10:41:16,216 | INFO | Configuration successful!
2026-04-27 10:41:16,245 | INFO | Camera started
2026-04-27 10:41:16,758 | INFO | Camera started
2026-04-27 10:41:16,811 | INFO | Opened writer /home/mario/Documents/collision-avoidance-VOP/camera/recordings/20260427_104116/camera0_recording/recording_annotated.mp4 with codec mp4v (1920x1080 @ 5fps)
2026-04-27 10:41:16,813 | INFO | Opened writer /home/mario/Documents/collision-avoidance-VOP/camera/recordings/20260427_104116/camera1_recording/recording_annotated.mp4 with codec mp4v (1920x1080 @ 5fps)
2026-04-27 10:41:20,283 | INFO | Camera stopped
2026-04-27 10:41:21,572 | INFO | Camera closed successfully.
2026-04-27 10:41:21,580 | INFO | Camera stopped
2026-04-27 10:41:23,066 | INFO | Camera closed successfully.
